  Determining projects to restore...
D:\GraduationProject\ExaminationSystem\Exam.Application\Exam.Application.csproj : warning NU1903: Package 'AutoMapper' 12.0.1 has a known high severity vulnerability, https://github.com/advisories/GHSA-rvv3-g6hj-g44x [D:\GraduationProject\ExaminationSystem\ExaminationSystem.slnx]
  Restored D:\GraduationProject\ExaminationSystem\Exam.Application\Exam.Application.csproj (in 1.17 sec).
  Restored D:\GraduationProject\ExaminationSystem\Exam.Infrastructure\Exam.Infrastructure.csproj (in 1.25 sec).
  Restored D:\GraduationProject\ExaminationSystem\Exam.Domain\Exam.Domain.csproj (in 1.17 sec).
  Restored D:\GraduationProject\ExaminationSystem\Exam.Host\Exam.Host.csproj (in 1.26 sec).
D:\GraduationProject\ExaminationSystem\Exam.Application\Exam.Application.csproj : warning NU1903: Package 'AutoMapper' 12.0.1 has a known high severity vulnerability, https://github.com/advisories/GHSA-rvv3-g6hj-g44x
  Exam.Domain -> D:\GraduationProject\ExaminationSystem\Exam.Domain\bin\Debug\net9.0\Exam.Domain.dll
D:\GraduationProject\ExaminationSystem\Exam.Application\Dto\Choice\ChoiceReadDTO.cs(12,23): warning CS8618: Non-nullable property 'Text' must contain a non-null value when exiting constructor. Consider adding the 'required' modifier or declaring the property as nullable. [D:\GraduationProject\ExaminationSystem\Exam.Application\Exam.Application.csproj]
D:\GraduationProject\ExaminationSystem\Exam.Application\Services\Implementation\AuthenticationService.cs(90,61): error CS0103: The name 'ClaimTypes' does not exist in the current context [D:\GraduationProject\ExaminationSystem\Exam.Application\Exam.Application.csproj]

Build FAILED.

D:\GraduationProject\ExaminationSystem\Exam.Application\Exam.Application.csproj : warning NU1903: Package 'AutoMapper' 12.0.1 has a known high severity vulnerability, https://github.com/advisories/GHSA-rvv3-g6hj-g44x [D:\GraduationProject\ExaminationSystem\ExaminationSystem.slnx]
D:\GraduationProject\ExaminationSystem\Exam.Application\Exam.Application.csproj : warning NU1903: Package 'AutoMapper' 12.0.1 has a known high severity vulnerability, https://github.com/advisories/GHSA-rvv3-g6hj-g44x
D:\GraduationProject\ExaminationSystem\Exam.Application\Dto\Choice\ChoiceReadDTO.cs(12,23): warning CS8618: Non-nullable property 'Text' must contain a non-null value when exiting constructor. Consider adding the 'required' modifier or declaring the property as nullable. [D:\GraduationProject\ExaminationSystem\Exam.Application\Exam.Application.csproj]
D:\GraduationProject\ExaminationSystem\Exam.Application\Services\Implementation\AuthenticationService.cs(90,61): error CS0103: The name 'ClaimTypes' does not exist in the current context [D:\GraduationProject\ExaminationSystem\Exam.Application\Exam.Application.csproj]
    3 Warning(s)
    1 Error(s)

Time Elapsed 00:00:10.73
